// Jest Snapshot v1, https://goo.gl/fbAQLP

exports[`ShowExperiment with candidates renders correctly 1`] = `
<div>
  <div
    class="gl-alert gl-alert-warning"
  >
    <svg
      aria-hidden="true"
      class="gl-icon s16 gl-alert-icon"
      data-testid="warning-icon"
      role="img"
    >
      <use
        href="#warning"
      />
    </svg>
     
    <div
      aria-live="assertive"
      class="gl-alert-content"
      role="alert"
    >
      <h2
        class="gl-alert-title"
      >
        Machine Learning Experiment Tracking is in Incubating Phase
      </h2>
       
      <div
        class="gl-alert-body"
      >
        
  GitLab incubates features to explore new use cases. These features are updated regularly, and support is limited
  
        <a
          class="gl-link"
          href="https://about.gitlab.com/handbook/engineering/incubation/"
          rel="noopener noreferrer"
          target="_blank"
        >
          Learn More
        </a>
      </div>
       
      <div
        class="gl-alert-actions"
      >
        <a
          class="btn gl-alert-action btn-confirm btn-md gl-button"
          href="https://gitlab.com/groups/gitlab-org/-/epics/8560"
        >
          <!---->
           
          <!---->
            
          <span
            class="gl-button-text"
          >
            
          Feedback and Updates
        
          </span>
        </a>
      </div>
    </div>
     
    <button
      aria-label="Dismiss"
      class="btn gl-dismiss-btn btn-default btn-sm gl-button btn-default-tertiary btn-icon"
      type="button"
    >
      <!---->
       
      <svg
        aria-hidden="true"
        class="gl-button-icon gl-icon s16"
        data-testid="close-icon"
        role="img"
      >
        <use
          href="#close"
        />
      </svg>
        
      <!---->
    </button>
  </div>
   
  <h3>
    
    Experiment Candidates
  
  </h3>
   
  <table
    aria-busy="false"
    aria-colcount="4"
    class="table b-table gl-table gl-mt-0!"
    role="table"
  >
    <!---->
    <!---->
    <thead
      class=""
      role="rowgroup"
    >
      <!---->
      <tr
        class=""
        role="row"
      >
        <th
          aria-colindex="1"
          class=""
          role="columnheader"
          scope="col"
        >
          <div>
            L1 Ratio
          </div>
        </th>
        <th
          aria-colindex="2"
          class=""
          role="columnheader"
          scope="col"
        >
          <div>
            Rmse
          </div>
        </th>
        <th
          aria-colindex="3"
          class=""
          role="columnheader"
          scope="col"
        >
          <div>
            Auc
          </div>
        </th>
        <th
          aria-colindex="4"
          class=""
          role="columnheader"
          scope="col"
        >
          <div>
            Mae
          </div>
        </th>
      </tr>
    </thead>
    <tbody
      role="rowgroup"
    >
      <!---->
      <tr
        class=""
        role="row"
      >
        <td
          aria-colindex="1"
          class=""
          role="cell"
        >
          0.4
        </td>
        <td
          aria-colindex="2"
          class=""
          role="cell"
        >
          1
        </td>
        <td
          aria-colindex="3"
          class=""
          role="cell"
        />
        <td
          aria-colindex="4"
          class=""
          role="cell"
        />
      </tr>
      <tr
        class=""
        role="row"
      >
        <td
          aria-colindex="1"
          class=""
          role="cell"
        >
          0.5
        </td>
        <td
          aria-colindex="2"
          class=""
          role="cell"
        />
        <td
          aria-colindex="3"
          class=""
          role="cell"
        >
          0.3
        </td>
        <td
          aria-colindex="4"
          class=""
          role="cell"
        />
      </tr>
      <!---->
      <!---->
    </tbody>
    <!---->
  </table>
</div>
`;
